    OpenRGB v0.9+ (git2035)
    Commit: 1e1fb09821ae8f3580730600cdc960472b27085b from 2026-07-05 17:20:39 -0500
    Launched: 20260719_201546
====================================================================================================

14    |Info:    [ProfileManager] Found file: Skibbidi.orp attempting to validate header
14    |Info:    [ProfileManager] Valid v5 profile found for Skibbidi
14    |Info:    [ProfileManager] Found file: main.orp attempting to validate header
14    |Info:    [ProfileManager] Valid v5 profile found for main
67    |Info:    [ResourceManager] Initializing HID interfaces: Success
67    |Info:    ------------------------------------------------------
67    |Info:    |               Start device detection               |
67    |Info:    ------------------------------------------------------
76    |Info:    ------------------------------------------------------
76    |Info:    |             Detecting I2C interfaces               |
76    |Info:    ------------------------------------------------------
76    |Info:    [ResourceManager] Registering I2C interface: AMDGPU DM i2c hw bus 0 (/dev/i2c-3) Device 1002:747E Subsystem: 1458:2413
76    |Info:    [ResourceManager] Registering I2C interface: AMDGPU DM i2c hw bus 0 (/dev/i2c-10) Device 1002:164E Subsystem: 1462:7E26
76    |Info:    [ResourceManager] Registering I2C interface: AMDGPU SMU 0 (/dev/i2c-1) Device 1002:747E Subsystem: 1458:2413
76    |Info:    [ResourceManager] Registering I2C interface: SMBus PIIX4 adapter port 1 at 0b20 (/dev/i2c-19) Device 1022:790B Subsystem: 1462:7E26
76    |Info:    [ResourceManager] Registering I2C interface: SMBus PIIX4 adapter port 0 at 0b00 (/dev/i2c-17) Device 1022:790B Subsystem: 1462:7E26
76    |Info:    [i2c_smbus_linux] Failed to read i2c device PCI device ID
76    |Info:    [ResourceManager] Registering I2C interface: AMDGPU DM aux hw bus 1 (/dev/i2c-8) Device 0000:0000 Subsystem: 0000:0000
76    |Info:    [i2c_smbus_linux] Failed to read i2c device PCI device ID
76    |Info:    [ResourceManager] Registering I2C interface: AMDGPU DM aux hw bus 2 (/dev/i2c-15) Device 0000:0000 Subsystem: 0000:0000
76    |Info:    [ResourceManager] Registering I2C interface: AMDGPU DM i2c hw bus 3 (/dev/i2c-6) Device 1002:747E Subsystem: 1458:2413
76    |Info:    [ResourceManager] Registering I2C interface: AMDGPU DM i2c hw bus 3 (/dev/i2c-13) Device 1002:164E Subsystem: 1462:7E26
76    |Info:    [ResourceManager] Registering I2C interface: AMDGPU DM i2c hw bus 1 (/dev/i2c-4) Device 1002:747E Subsystem: 1458:2413
76    |Info:    [ResourceManager] Registering I2C interface: AMDGPU DM i2c hw bus 1 (/dev/i2c-11) Device 1002:164E Subsystem: 1462:7E26
76    |Info:    [ResourceManager] Registering I2C interface: AMDGPU SMU 1 (/dev/i2c-2) Device 1002:747E Subsystem: 1458:2413
76    |Info:    [ResourceManager] Registering I2C interface: Synopsys DesignWare I2C adapter (/dev/i2c-0) Device 0000:0000 Subsystem: 0000:0000
76    |Info:    [ResourceManager] Registering I2C interface: SMBus PIIX4 adapter port 2 at 0b00 (/dev/i2c-18) Device 1022:790B Subsystem: 1462:7E26
76    |Info:    [i2c_smbus_linux] Failed to read i2c device PCI device ID
76    |Info:    [ResourceManager] Registering I2C interface: AMDGPU DM aux hw bus 2 (/dev/i2c-9) Device 0000:0000 Subsystem: 0000:0000
76    |Info:    [i2c_smbus_linux] Failed to read i2c device PCI device ID
76    |Info:    [ResourceManager] Registering I2C interface: AMDGPU DM aux hw bus 3 (/dev/i2c-16) Device 0000:0000 Subsystem: 0000:0000
76    |Info:    [ResourceManager] Registering I2C interface: AMDGPU DM i2c OEM bus (/dev/i2c-7) Device 1002:747E Subsystem: 1458:2413
76    |Info:    [i2c_smbus_linux] Failed to read i2c device PCI device ID
76    |Info:    [ResourceManager] Registering I2C interface: AMDGPU DM aux hw bus 1 (/dev/i2c-14) Device 0000:0000 Subsystem: 0000:0000
76    |Info:    [ResourceManager] Registering I2C interface: AMDGPU DM i2c hw bus 2 (/dev/i2c-5) Device 1002:747E Subsystem: 1458:2413
76    |Info:    [ResourceManager] Registering I2C interface: AMDGPU DM i2c hw bus 2 (/dev/i2c-12) Device 1002:164E Subsystem: 1462:7E26
76    |Info:    ------------------------------------------------------
76    |Info:    |               Detecting I2C devices                |
76    |Info:    ------------------------------------------------------
785   |Info:    ------------------------------------------------------
785   |Info:    |            Detecting I2C DIMM modules              |
785   |Info:    ------------------------------------------------------
850   |Info:    [ResourceManager] Detected occupied slot 2, bus 4, type DDR5
855   |Info:    [ResourceManager] Detected occupied slot 4, bus 4, type DDR5
934   |Info:    ------------------------------------------------------
934   |Info:    |               Detecting I2C PCI devices            |
934   |Info:    ------------------------------------------------------
937   |Info:    [Gigabyte Radeon RX 7800 XT GAMING OC] Registering RGB controller
937   |Info:    ------------------------------------------------------
937   |Info:    |               Detecting HID devices                |
937   |Info:    ------------------------------------------------------
1005  |Info:    [MSI PRO B650-S WIFI (MS-7E26)] Registering RGB controller
1005  |Info:    ------------------------------------------------------
1005  |Info:    |            Detecting libusb HID devices            |
1005  |Info:    ------------------------------------------------------
1013  |Info:    ------------------------------------------------------
1013  |Info:    |              Detecting other devices               |
1013  |Info:    ------------------------------------------------------
1027  |Info:    [ResourceManager] Calling Post-detection callbacks
1027  |Info:    ------------------------------------------------------
1027  |Info:    |                Detection completed                 |
1027  |Info:    ------------------------------------------------------
1027  |Info:    [ProfileManager] Profile loading: Succeeded for Gigabyte Radeon RX 7800 XT GAMING OC @ I2C: AMDGPU DM i2c OEM bus (/dev/i2c-7), address 0x62
1027  |Info:    [ProfileManager] Profile loading: Succeeded for MSI PRO B650-S WIFI (MS-7E26) @ HID: /dev/hidraw1
